[     122ms] [INFO] %cDownload the React DevTools for a better development experience: https://react.dev/link/react-devtools font-weight:bold @ http://localhost:3000/_next/static/chunks/1dff6_next_dist_4512f89c._.js:2287
[     134ms] [LOG] [HMR] connected @ http://localhost:3000/_next/static/chunks/1dff6_next_dist_4512f89c._.js:2287
[     405ms] [LOG] %c[Vercel Web Analytics]%c Debug mode is enabled by default in development. No requests will be sent to the server. color: rgb(120, 120, 120) color: inherit @ http://localhost:3000/_next/static/chunks/1dff6_next_dist_4512f89c._.js:2287
[     405ms] [LOG] %c[Vercel Web Analytics]%c Running queued event color: rgb(120, 120, 120) color: inherit pageview {route: /, path: /} @ http://localhost:3000/_next/static/chunks/1dff6_next_dist_4512f89c._.js:2287
[     405ms] [LOG] %c[Vercel Web Analytics]%c [view] http://localhost:3000/ color: rgb(120, 120, 120) color: inherit {o: http://localhost:3000/, sv: 0.1.3, sdkn: @vercel/analytics/next, sdkv: 1.3.1, ts: 1783272056407} /_vercel/insights/view @ http://localhost:3000/_next/static/chunks/1dff6_next_dist_4512f89c._.js:2287
[    9267ms] [WARNING] String syntax for `ease: "steps(1)"` has been removed from the core and replaced by importing and passing the easing function directly: `ease: steps(1)` @ http://localhost:3000/_next/static/chunks/1dff6_next_dist_4512f89c._.js:2287
[    9268ms] [WARNING] String syntax for `ease: "steps(1)"` has been removed from the core and replaced by importing and passing the easing function directly: `ease: steps(1)` @ http://localhost:3000/_next/static/chunks/1dff6_next_dist_4512f89c._.js:2287
[    9268ms] [WARNING] String syntax for `ease: "steps(1)"` has been removed from the core and replaced by importing and passing the easing function directly: `ease: steps(1)` @ http://localhost:3000/_next/static/chunks/1dff6_next_dist_4512f89c._.js:2287
[    9268ms] [WARNING] String syntax for `ease: "steps(1)"` has been removed from the core and replaced by importing and passing the easing function directly: `ease: steps(1)` @ http://localhost:3000/_next/static/chunks/1dff6_next_dist_4512f89c._.js:2287
[    9268ms] [WARNING] String syntax for `ease: "steps(1)"` has been removed from the core and replaced by importing and passing the easing function directly: `ease: steps(1)` @ http://localhost:3000/_next/static/chunks/1dff6_next_dist_4512f89c._.js:2287
[    9268ms] [WARNING] String syntax for `ease: "steps(1)"` has been removed from the core and replaced by importing and passing the easing function directly: `ease: steps(1)` @ http://localhost:3000/_next/static/chunks/1dff6_next_dist_4512f89c._.js:2287
[    9268ms] [WARNING] String syntax for `ease: "steps(1)"` has been removed from the core and replaced by importing and passing the easing function directly: `ease: steps(1)` @ http://localhost:3000/_next/static/chunks/1dff6_next_dist_4512f89c._.js:2287
[    9268ms] [WARNING] String syntax for `ease: "steps(1)"` has been removed from the core and replaced by importing and passing the easing function directly: `ease: steps(1)` @ http://localhost:3000/_next/static/chunks/1dff6_next_dist_4512f89c._.js:2287
[   55976ms] [INFO] %cDownload the React DevTools for a better development experience: https://react.dev/link/react-devtools font-weight:bold @ http://localhost:3000/_next/static/chunks/1dff6_next_dist_4512f89c._.js:2287
[   55990ms] [LOG] [HMR] connected @ http://localhost:3000/_next/static/chunks/1dff6_next_dist_4512f89c._.js:2287
[   56232ms] [LOG] %c[Vercel Web Analytics]%c Debug mode is enabled by default in development. No requests will be sent to the server. color: rgb(120, 120, 120) color: inherit @ http://localhost:3000/_next/static/chunks/1dff6_next_dist_4512f89c._.js:2287
[   56232ms] [LOG] %c[Vercel Web Analytics]%c Running queued event color: rgb(120, 120, 120) color: inherit pageview {route: /, path: /} @ http://localhost:3000/_next/static/chunks/1dff6_next_dist_4512f89c._.js:2287
[   56232ms] [LOG] %c[Vercel Web Analytics]%c [view] http://localhost:3000/ color: rgb(120, 120, 120) color: inherit {o: http://localhost:3000/, sv: 0.1.3, sdkn: @vercel/analytics/next, sdkv: 1.3.1, ts: 1783272112234} /_vercel/insights/view @ http://localhost:3000/_next/static/chunks/1dff6_next_dist_4512f89c._.js:2287
[   65103ms] [WARNING] String syntax for `ease: "steps(1)"` has been removed from the core and replaced by importing and passing the easing function directly: `ease: steps(1)` @ http://localhost:3000/_next/static/chunks/1dff6_next_dist_4512f89c._.js:2287
[   65103ms] [WARNING] String syntax for `ease: "steps(1)"` has been removed from the core and replaced by importing and passing the easing function directly: `ease: steps(1)` @ http://localhost:3000/_next/static/chunks/1dff6_next_dist_4512f89c._.js:2287
[   65104ms] [WARNING] String syntax for `ease: "steps(1)"` has been removed from the core and replaced by importing and passing the easing function directly: `ease: steps(1)` @ http://localhost:3000/_next/static/chunks/1dff6_next_dist_4512f89c._.js:2287
[   65104ms] [WARNING] String syntax for `ease: "steps(1)"` has been removed from the core and replaced by importing and passing the easing function directly: `ease: steps(1)` @ http://localhost:3000/_next/static/chunks/1dff6_next_dist_4512f89c._.js:2287
[   65104ms] [WARNING] String syntax for `ease: "steps(1)"` has been removed from the core and replaced by importing and passing the easing function directly: `ease: steps(1)` @ http://localhost:3000/_next/static/chunks/1dff6_next_dist_4512f89c._.js:2287
[   65104ms] [WARNING] String syntax for `ease: "steps(1)"` has been removed from the core and replaced by importing and passing the easing function directly: `ease: steps(1)` @ http://localhost:3000/_next/static/chunks/1dff6_next_dist_4512f89c._.js:2287
[   65104ms] [WARNING] String syntax for `ease: "steps(1)"` has been removed from the core and replaced by importing and passing the easing function directly: `ease: steps(1)` @ http://localhost:3000/_next/static/chunks/1dff6_next_dist_4512f89c._.js:2287
[   65104ms] [WARNING] String syntax for `ease: "steps(1)"` has been removed from the core and replaced by importing and passing the easing function directly: `ease: steps(1)` @ http://localhost:3000/_next/static/chunks/1dff6_next_dist_4512f89c._.js:2287
[  187214ms] [LOG] [Fast Refresh] rebuilding @ http://localhost:3000/_next/static/chunks/1dff6_next_dist_4512f89c._.js:2287
[  187239ms] [LOG] [Fast Refresh] done in 27ms @ http://localhost:3000/_next/static/chunks/1dff6_next_dist_4512f89c._.js:2287
[  195280ms] [INFO] %cDownload the React DevTools for a better development experience: https://react.dev/link/react-devtools font-weight:bold @ http://localhost:3000/_next/static/chunks/1dff6_next_dist_4512f89c._.js:2287
[  195291ms] [LOG] [HMR] connected @ http://localhost:3000/_next/static/chunks/1dff6_next_dist_4512f89c._.js:2287
[  195534ms] [LOG] %c[Vercel Web Analytics]%c Debug mode is enabled by default in development. No requests will be sent to the server. color: rgb(120, 120, 120) color: inherit @ http://localhost:3000/_next/static/chunks/1dff6_next_dist_4512f89c._.js:2287
[  195534ms] [LOG] %c[Vercel Web Analytics]%c Running queued event color: rgb(120, 120, 120) color: inherit pageview {route: /, path: /} @ http://localhost:3000/_next/static/chunks/1dff6_next_dist_4512f89c._.js:2287
[  195535ms] [LOG] %c[Vercel Web Analytics]%c [view] http://localhost:3000/ color: rgb(120, 120, 120) color: inherit {o: http://localhost:3000/, sv: 0.1.3, sdkn: @vercel/analytics/next, sdkv: 1.3.1, ts: 1783272251536} /_vercel/insights/view @ http://localhost:3000/_next/static/chunks/1dff6_next_dist_4512f89c._.js:2287
[  204405ms] [WARNING] String syntax for `ease: "steps(1)"` has been removed from the core and replaced by importing and passing the easing function directly: `ease: steps(1)` @ http://localhost:3000/_next/static/chunks/1dff6_next_dist_4512f89c._.js:2287
[  204406ms] [WARNING] String syntax for `ease: "steps(1)"` has been removed from the core and replaced by importing and passing the easing function directly: `ease: steps(1)` @ http://localhost:3000/_next/static/chunks/1dff6_next_dist_4512f89c._.js:2287
[  204406ms] [WARNING] String syntax for `ease: "steps(1)"` has been removed from the core and replaced by importing and passing the easing function directly: `ease: steps(1)` @ http://localhost:3000/_next/static/chunks/1dff6_next_dist_4512f89c._.js:2287
[  204406ms] [WARNING] String syntax for `ease: "steps(1)"` has been removed from the core and replaced by importing and passing the easing function directly: `ease: steps(1)` @ http://localhost:3000/_next/static/chunks/1dff6_next_dist_4512f89c._.js:2287
[  204406ms] [WARNING] String syntax for `ease: "steps(1)"` has been removed from the core and replaced by importing and passing the easing function directly: `ease: steps(1)` @ http://localhost:3000/_next/static/chunks/1dff6_next_dist_4512f89c._.js:2287
[  204406ms] [WARNING] String syntax for `ease: "steps(1)"` has been removed from the core and replaced by importing and passing the easing function directly: `ease: steps(1)` @ http://localhost:3000/_next/static/chunks/1dff6_next_dist_4512f89c._.js:2287
[  204406ms] [WARNING] String syntax for `ease: "steps(1)"` has been removed from the core and replaced by importing and passing the easing function directly: `ease: steps(1)` @ http://localhost:3000/_next/static/chunks/1dff6_next_dist_4512f89c._.js:2287
[  204406ms] [WARNING] String syntax for `ease: "steps(1)"` has been removed from the core and replaced by importing and passing the easing function directly: `ease: steps(1)` @ http://localhost:3000/_next/static/chunks/1dff6_next_dist_4512f89c._.js:2287
[  250540ms] [INFO] %cDownload the React DevTools for a better development experience: https://react.dev/link/react-devtools font-weight:bold @ http://localhost:3000/_next/static/chunks/1dff6_next_dist_4512f89c._.js:2287
[  250555ms] [LOG] [HMR] connected @ http://localhost:3000/_next/static/chunks/1dff6_next_dist_4512f89c._.js:2287
[  250795ms] [LOG] %c[Vercel Web Analytics]%c Debug mode is enabled by default in development. No requests will be sent to the server. color: rgb(120, 120, 120) color: inherit @ http://localhost:3000/_next/static/chunks/1dff6_next_dist_4512f89c._.js:2287
[  250795ms] [LOG] %c[Vercel Web Analytics]%c Running queued event color: rgb(120, 120, 120) color: inherit pageview {route: /, path: /} @ http://localhost:3000/_next/static/chunks/1dff6_next_dist_4512f89c._.js:2287
[  250795ms] [LOG] %c[Vercel Web Analytics]%c [view] http://localhost:3000/ color: rgb(120, 120, 120) color: inherit {o: http://localhost:3000/, sv: 0.1.3, sdkn: @vercel/analytics/next, sdkv: 1.3.1, ts: 1783272306797} /_vercel/insights/view @ http://localhost:3000/_next/static/chunks/1dff6_next_dist_4512f89c._.js:2287
[  259668ms] [WARNING] String syntax for `ease: "steps(1)"` has been removed from the core and replaced by importing and passing the easing function directly: `ease: steps(1)` @ http://localhost:3000/_next/static/chunks/1dff6_next_dist_4512f89c._.js:2287
[  259669ms] [WARNING] String syntax for `ease: "steps(1)"` has been removed from the core and replaced by importing and passing the easing function directly: `ease: steps(1)` @ http://localhost:3000/_next/static/chunks/1dff6_next_dist_4512f89c._.js:2287
[  259669ms] [WARNING] String syntax for `ease: "steps(1)"` has been removed from the core and replaced by importing and passing the easing function directly: `ease: steps(1)` @ http://localhost:3000/_next/static/chunks/1dff6_next_dist_4512f89c._.js:2287
[  259669ms] [WARNING] String syntax for `ease: "steps(1)"` has been removed from the core and replaced by importing and passing the easing function directly: `ease: steps(1)` @ http://localhost:3000/_next/static/chunks/1dff6_next_dist_4512f89c._.js:2287
[  259669ms] [WARNING] String syntax for `ease: "steps(1)"` has been removed from the core and replaced by importing and passing the easing function directly: `ease: steps(1)` @ http://localhost:3000/_next/static/chunks/1dff6_next_dist_4512f89c._.js:2287
[  259669ms] [WARNING] String syntax for `ease: "steps(1)"` has been removed from the core and replaced by importing and passing the easing function directly: `ease: steps(1)` @ http://localhost:3000/_next/static/chunks/1dff6_next_dist_4512f89c._.js:2287
[  259669ms] [WARNING] String syntax for `ease: "steps(1)"` has been removed from the core and replaced by importing and passing the easing function directly: `ease: steps(1)` @ http://localhost:3000/_next/static/chunks/1dff6_next_dist_4512f89c._.js:2287
[  259669ms] [WARNING] String syntax for `ease: "steps(1)"` has been removed from the core and replaced by importing and passing the easing function directly: `ease: steps(1)` @ http://localhost:3000/_next/static/chunks/1dff6_next_dist_4512f89c._.js:2287
[  270434ms] [INFO] %cDownload the React DevTools for a better development experience: https://react.dev/link/react-devtools font-weight:bold @ http://localhost:3000/_next/static/chunks/1dff6_next_dist_4512f89c._.js:2287
[  270444ms] [LOG] [HMR] connected @ http://localhost:3000/_next/static/chunks/1dff6_next_dist_4512f89c._.js:2287
[  270748ms] [LOG] %c[Vercel Web Analytics]%c Debug mode is enabled by default in development. No requests will be sent to the server. color: rgb(120, 120, 120) color: inherit @ http://localhost:3000/_next/static/chunks/1dff6_next_dist_4512f89c._.js:2287
[  270748ms] [LOG] %c[Vercel Web Analytics]%c Running queued event color: rgb(120, 120, 120) color: inherit pageview {route: /, path: /} @ http://localhost:3000/_next/static/chunks/1dff6_next_dist_4512f89c._.js:2287
[  270749ms] [LOG] %c[Vercel Web Analytics]%c [view] http://localhost:3000/ color: rgb(120, 120, 120) color: inherit {o: http://localhost:3000/, sv: 0.1.3, sdkn: @vercel/analytics/next, sdkv: 1.3.1, ts: 1783272326750} /_vercel/insights/view @ http://localhost:3000/_next/static/chunks/1dff6_next_dist_4512f89c._.js:2287
